// Jest Snapshot v1, https://goo.gl/fbAQLP

exports[`app 1`] = `
Array [
  Object {
    "apiVersion": "argoproj.io/v1alpha1",
    "kind": "Application",
    "metadata": Object {
      "name": "test-c87b5978",
      "namespace": "test",
    },
    "spec": Object {
      "ignoreDifferences": Array [
        Object {
          "group": "apps",
          "jsonPointers": Array [
            "/spec/replicas",
          ],
          "kind": "Deployment",
        },
      ],
      "project": "test",
      "source": Object {
        "directory": Object {
          "recurse": true,
        },
        "path": "test",
        "repoURL": "test",
        "targetRevision": "test",
      },
    },
  },
]
`;
